P1 - CPU BEHAVIOR
    T1 - ROM IS NOT WRITABLE————————————————————PASS
    T2 - RAM MIRRORING——————————————————————————PASS
    T3 - PC WRAPAROUND——————————————————————————PASS
    T4 - THE DECIMAL FLAG———————————————————————PASS
    T5 - THE B FLAG—————————————————————————————PASS
    T6 - DUMMY READ CYCLES——————————————————————PASS
    T7 - DUMMY WRITE CYCLES—————————————————————PASS
    T8 - OPEN BUS———————————————————————————————PASS
    T9 - ALL NOP INSTRUCTIONS———————————————————PASS
P2 - ADDRESSING MODE WRAPAROUND
    T1 - ABSOLUTE INDEXED———————————————————————PASS
    T2 - ZERO PAGE INDEXED——————————————————————PASS
    T3 - INDIRECT———————————————————————————————PASS
    T4 - INDIRECT, X————————————————————————————PASS
    T5 - INDIRECT, Y————————————————————————————PASS
    T6 - RELATIVE———————————————————————————————PASS
P3 - UNOFFICIAL INSTRUCTIONS: SLO
    T1 - $03 SLO INDIRECT,X—————————————————————PASS
    T2 - $07 SLO ZEROPAGE———————————————————————PASS
    T3 - $0F SLO ABSOLUTE———————————————————————PASS
    T4 - $13 SLO INDIRECT,Y—————————————————————PASS
    T5 - $17 SLO ZEROPAGE,X—————————————————————PASS
    T6 - $1B SLO ABSOLUTE,Y—————————————————————PASS
    T7 - $1F SLO ABSOLUTE,X—————————————————————PASS
P4 - UNOFFICIAL INSTRUCTIONS: RLA
    T1 - $23 RLA INDIRECT,X—————————————————————PASS
    T2 - $27 RLA ZEROPAGE———————————————————————PASS
    T3 - $2F RLA ABSOLUTE———————————————————————PASS
    T4 - $33 RLA INDIRECT,Y—————————————————————PASS
    T5 - $37 RLA ZEROPAGE,X—————————————————————PASS
    T6 - $3B RLA ABSOLUTE,Y—————————————————————PASS
    T7 - $3F RLA ABSOLUTE,X—————————————————————PASS
P5 - UNOFFICIAL INSTRUCTIONS: SRE
    T1 - $43 SRE INDIRECT,X—————————————————————PASS
    T2 - $47 SRE ZEROPAGE———————————————————————PASS
    T3 - $4F SRE ABSOLUTE———————————————————————PASS
    T4 - $53 SRE INDIRECT,Y—————————————————————PASS
    T5 - $57 SRE INDIRECT,X—————————————————————PASS
    T6 - $5B SRE ABSOLUTE,Y—————————————————————PASS
    T7 - $5F SRE ABSOLUTE,X—————————————————————PASS
P6 - UNOFFICIAL INSTRUCTIONS: RRA
    T1 - $63 RRA INDIRECT,X—————————————————————PASS
    T2 - $67 SRE ZEROPAGE———————————————————————PASS
    T3 - $6F SRE ABSOLUTE———————————————————————PASS
    T4 - $73 SRE INDIRECT,Y—————————————————————PASS
    T5 - $77 SRE ZEROPAGE,X—————————————————————PASS
    T6 - $7B SRE ABSOLUTE,Y—————————————————————PASS
    T7 - $7F SRE ABSOLUTE,X—————————————————————PASS
P7 - UNOFFICIAL INSTRUCTIONS: *AX
    T1 - $83 SAX INDIRECT,X—————————————————————PASS
    T2 - $87 SAX ZEROPAGE———————————————————————PASS
    T3 - $8F SAX ABSOLUTE———————————————————————PASS
    T4 - $97 SAX ZEROPAGE,Y—————————————————————PASS
    T5 - $A3 LAX INDIRECT,X—————————————————————PASS
    T6 - $A7 LAX ZEROPAGE———————————————————————PASS
    T7 - $AF LAX ABSOLUTE———————————————————————PASS
    T8 - $B3 LAX INDIRECT,Y—————————————————————PASS
    T9 - $B7 LAX ZEROPAGE,Y—————————————————————PASS
    TA - $BF LAX ABSOLUTE,Y—————————————————————PASS
P8 - UNOFFICIAL INSTRUCTIONS: DCP
    T1 - $C3 DCP INDIRECT,X—————————————————————PASS
    T2 - $C7 DCP ZEROPAGE———————————————————————PASS
    T3 - $CF DCP ABSOLUTE———————————————————————PASS
    T4 - $D3 DCP INDIRECT,Y—————————————————————PASS
    T5 - $D7 DCP ZEROPAGE,X—————————————————————PASS
    T6 - $DB DCP ABSOLUTE,Y—————————————————————PASS
    T7 - $DF DCP ABSOLUTE,X—————————————————————PASS
P9 - UNOFFICIAL INSTRUCTIONS: ISC
    T1 - $E3 ISC INDIRECT,X—————————————————————PASS
    T2 - $E7 ISC ZEROPAGE———————————————————————PASS
    T3 - $EF ISC ABSOLUTE———————————————————————PASS
    T4 - $F3 ISC INDIRECT,Y—————————————————————PASS
    T5 - $F7 ISC ZEROPAGE,X—————————————————————PASS
    T6 - $FB ISC ABSOLUTE,Y—————————————————————PASS
    T7 - $FF ISC ABSOLUTE———————————————————————PASS
P10 - UNOFFICIAL INSTRUCTIONS: SH*
    T1 - $93 SHA INDIRECT,Y—————————————————————PASS 1
    T2 - $9F SHA ABSOLUTE,Y—————————————————————PASS 1
    T3 - $9B SHS ABSOLUTE,Y—————————————————————PASS 1
    T4 - $9C SHY ABSOLUTE,X—————————————————————PASS
    T5 - $9E SHX ABSOLUTE,Y—————————————————————PASS
    T6 - $BB LAE ABSOLUTE,Y—————————————————————PASS
P11 - UNOFFICIAL IMMEDIATES
    T1 - $0B ANC IMMEDIATE——————————————————————PASS
    T2 - $2B ANC IMMEDIATE——————————————————————PASS
    T3 - $4B ASR IMMEDIATE——————————————————————PASS
    T4 - $6B ARR IMMEDIATE——————————————————————PASS
    T5 - $8B ANE IMMEDIATE——————————————————————PASS
    T6 - $AB LXA IMMEDIATE——————————————————————PASS
    T7 - $CB AXS IMMEDIATE——————————————————————PASS
    T8 - $EB SBC IMMEDIATE——————————————————————PASS
P12 - CPU INTERRUPTS
    T1 - INTERRUPT FLAG LATENCY—————————————————PASS
    T2 - NMI OVERLAP BRK————————————————————————FAIL 2
    T3 - NMI OVERLAP IRQ————————————————————————FAIL 1
P13 - APU REGISTERS AND DMA TESTS
    T1 - DMA + OPEN BUS—————————————————————————PASS
    T2 - DMA + $2002 READ———————————————————————PASS 1
    T3 - DMA + $2007 READ———————————————————————PASS
    T4 - DMA + $2007 WRITE——————————————————————PASS
    T5 - DMA + $4015 READ———————————————————————PASS
    T6 - DMA + $4016 READ———————————————————————PASS 1
    T7 - DMC DMA BUS CONFLICTS——————————————————PASS
    T8 - DMC DMA + OAM DMA——————————————————————PASS
    T9 - EXPLICIT DMA ABORT—————————————————————PASS
    TA - IMPLICIT DMA ABORT—————————————————————PASS 2
P14 - APU TESTS
    T1 - LENGTH COUNTER—————————————————————————PASS
    T2 - LENGTH TABLE———————————————————————————PASS
    T3 - FRAME COUNTER IRQ——————————————————————PASS
    T4 - FRAME COUNTER 4-STEP———————————————————PASS
    T5 - FRAME COUNTER 5-STEP———————————————————PASS
    T6 - DELTA MODULATION CHANNEL———————————————PASS
    T7 - APU REGISTER ACTIVATION————————————————FAIL 4
    T8 - CONTROLLER STROBING————————————————————PASS
    T9 - CONTROLLER CLOCKING————————————————————PASS 2
P16 - PPU BEHAVIOR
    T1 - CHR ROM IS NOT WRITABLE————————————————PASS
    T2 - PPU REGISTER MIRRORING—————————————————PASS
    T3 - PPU REGISTER OPEN BUS——————————————————PASS
    T4 - PPU READ BUFFER————————————————————————PASS G
    T5 - PALETTE RAM QUIRKS—————————————————————PASS
    T6 - RENDERING FLAG BEHAVIOR————————————————PASS
    T7 - $2007 READ W/ RENDERING————————————————PASS
    T8 - ATTRIBUTES AS TILES————————————————————PASS
P17 - PPU VBLANK TIMING
    T1 - VBLANK BEGINNING———————————————————————PASS
    T2 - VBLANK END—————————————————————————————PASS
    T3 - NMI CONTROL————————————————————————————PASS
    T4 - NMI TIMING—————————————————————————————PASS
    T5 - NMI SUPPRESSION————————————————————————PASS
    T6 - NMI AT VBLANK END——————————————————————PASS
    T7 - NMI DISABLED AT VBLANK—————————————————PASS
P18 - SPRITE EVALUATION
    T1 - SPRITE OVERFLOW BEHAVIOR———————————————PASS
    T2 - SPRITE 0 HIT BEHAVIOR——————————————————PASS
    T3 - $2002 FLAG TIMING——————————————————————PASS
    T4 - SUDDENLY RESIZE SPRITE—————————————————PASS
    T5 - ARBITRARY SPRITE ZERO——————————————————PASS
    T6 - MISALIGNED OAM BEHAVIOR————————————————PASS
    T7 - ADDRESS $2004 BEHAVIOR—————————————————PASS G
    T8 - OAM CORRUPTION—————————————————————————PASS
    T9 - INC $4014——————————————————————————————PASS
P19 - PPU MISC.
    T1 - T REGISTER QUIRKS——————————————————————PASS
    T2 - STALE BG SHIFT REGISTERS———————————————FAIL 1
    T3 - STALE SPRITE SHIFT REGS————————————————FAIL 3
    T4 - BG SERIAL IN———————————————————————————FAIL 2
    T5 - SPRITES ON SCANLINE 0——————————————————FAIL 2
    T6 - $2004 STRESS TEST——————————————————————FAIL 2
    T7 - $2007 STRESS TEST——————————————————————FAIL 2
    T8 - ALE + READ—————————————————————————————FAIL 2
    T9 - HYBRID ADDRESSES———————————————————————FAIL 2
P20 - CPU BEHAVIOR 2
    T1 - INSTRUCTION TIMING—————————————————————PASS
    T2 - IMPLIED DUMMY READS————————————————————FAIL 5
    T3 - BRANCH DUMMY READS—————————————————————PASS
    T4 - JSR EDGE CASES—————————————————————————PASS
    T5 - INTERNAL DATA BUS——————————————————————FAIL 2